[
  {
    "id": 123,
    "nomeFantasia": "Novo Restaurante 1",
    "proprietario": "ID do keyclock 1"
  },
  {
    "id": 234,
    "nomeFantasia": "Novo Restaurante 2",
    "proprietario": "ID do keyclock 2"
  }
]